// Jest Snapshot v1, https://goo.gl/fbAQLP

exports[`tests for Profile screen renders correctly 1`] = `
<RCTSafeAreaView
  style={
    {
      "alignItems": "center",
      "backgroundColor": "#74369D",
      "flex": 1,
      "justifyContent": "center",
    }
  }
>
  <View
    style={
      {
        "alignItems": "center",
        "backgroundColor": "#74369D",
        "flex": 1,
        "justifyContent": "center",
      }
    }
  >
    <Text
      style={
        {
          "fontFamily": "Poppins-Regular",
          "fontSize": 16,
        }
      }
    >
      This is the Settings page
    </Text>
  </View>
</RCTSafeAreaView>
`;
